INFO שינויים באתר מאז 2026-09-20T13:37:56+00:00: 12 דפים במטמון נערכו, 0 דפים חדשים
INFO למשיכה: 12 דפים (0 כשלים קודמים, 12 שהשתנו באתר), 6611 כבר במטמון
INFO [מעבר 1] 12/12 (2 בקשות, 0 האטות)
INFO 5501 דפי אישים מתוך 6611 דפים שנמשכו
INFO חולצו 36815 קשרים מ-5501 דפים
INFO פתירת 0 יעדי קישור שאינם דפים שנמשכו
INFO הושמטו 44 קשרים לדפים קיימים שאינם דפי אישים
INFO גרף: 27078 אנשים, 32491 קשרים, 1429 משפחות
{"fetched": 6611, "missing": 0, "failed": 0, "requests": 2, "rate_limited": 0}
נפתרו 3738 יעדי קישור: 1539 הפניות, 1589 ללא ערך
נמצאו 61 דפי עץ משפחה (0 טיוטות); 2 דפי אישים עם עץ לאדם אחד
  משפחת רסקין: exists – תבנית:עץ משפחת רסקין (0.99)
  משפחת גוראריה: exists – תבנית:עץ משפחת גוראריה (0.99)
  משפחת לוין: exists – תבנית:עץ משפחת לוין (0.99)
  משפחת ליפסקר: exists – תבנית:עץ משפחת ליפסקר (0.99)
  משפחת סגל: exists – תבנית:עץ משפחת סגל (0.99)
  משפחת קרסיק: exists – תבנית:עץ משפחת קרסיק (0.99)
  משפחת גופין: exists – תבנית:עץ משפחת גופין (0.99)
  משפחת הלפרין: exists – תבנית:עץ משפחת הלפרין (0.99)
  משפחת פבזנר: exists – תבנית:עץ משפחת פבזנר (0.99)
  משפחת סלונים: exists – תבנית:עץ משפחת סלונים (0.99)
  משפחת חן: exists – תבנית:עץ משפחת חן (0.99)
  משפחת וילהלם: exists – תבנית:עץ משפחת וילהלם (0.99)
  משפחת זלמנוב: exists – תבנית:עץ משפחת זלמנוב (0.99)
  משפחת קעניג: exists – תבנית:עץ משפחת קעניג (0.6)
  משפחת הבלין: exists – תבנית:עץ משפחת הבלין (0.99)
  משפחת אשכנזי: exists – תבנית:עץ משפחת אשכנזי (0.99)
  משפחת וולף: exists – תבנית:עץ משפחת וולף (0.99)
  משפחת ברוק: exists – תבנית:עץ משפחת ברוק (0.99)
  משפחת מנדלסון: exists – תבנית:עץ משפחת מנדלסון (0.99)
  משפחת בלוי: exists – תבנית:עץ משפחת בלוי (0.99)
  משפחת ברוד: exists – תבנית:עץ משפחת ברוד (0.99)
  משפחת לנדא: exists – תבנית:עץ משפחת לנדא (0.99)
  משפחת אקסלרוד: exists – תבנית:עץ משפחת אקסלרוד (0.99)
  משפחת שניאורסון: exists – תבנית:עץ משפחת שניאורסון (0.6)
  משפחת בלינוב: exists – תבנית:עץ משפחת בלינוב (0.99)
  משפחת בוטמן: exists – תבנית:עץ משפחת בוטמן (0.99)
  משפחת ליפש: exists – תבנית:עץ משפחת ליפש (0.6)
  משפחת חייקין: exists – תבנית:עץ משפחת חייקין (0.99)
  משפחת פאר: exists – תבנית:עץ משפחת פאר (0.99)
  משפחת אבלסקי: exists – תבנית:עץ משפחת אבלסקי (0.99)
  משפחת שיפרין: exists – תבנית:עץ משפחת פאר (1.0)
  משפחת הרטמן: exists – תבנית:עץ משפחת הרטמן (1.0)
  משפחת מוצ'קין: exists – תבנית:עץ משפחת הבלין (0.86)
  משפחת חנזין: exists – תבנית:עץ משפחת חנזין (0.99)
  משפחת לרר: exists – תבנית:עץ משפחת לרר (0.99)
סיכום כיסוי: {'exists': 35, 'partial': 171, 'none': 222}
עץ משפחת רסקין: 19 אנשים, גריד 47×5 → output/trees/עץ משפחת רסקין.wiki
עץ משפחת רסקין – צאצאי שלמה רסקין: 21 אנשים, גריד 59×9 → output/trees/עץ משפחת רסקין – צאצאי שלמה רסקין.wiki
עץ משפחת רסקין – צאצאי יעקב יוסף רסקין: 17 אנשים, גריד 43×7 → output/trees/עץ משפחת רסקין – צאצאי יעקב יוסף רסקין.wiki
עץ משפחת גוראריה: 26 אנשים, גריד 51×9 → output/trees/עץ משפחת גוראריה.wiki
עץ משפחת גוראריה – צאצאי נתן גוראריה: 10 אנשים, גריד 19×11 → output/trees/עץ משפחת גוראריה – צאצאי נתן גוראריה.wiki
עץ משפחת לוין: 22 אנשים, גריד 47×7 → output/trees/עץ משפחת לוין.wiki
עץ משפחת לוין – צאצאי יהודה לוין: 9 אנשים, גריד 23×7 → output/trees/עץ משפחת לוין – צאצאי יהודה לוין.wiki
עץ משפחת לוין – צאצאי חנן לוין: 7 אנשים, גריד 23×3 → output/trees/עץ משפחת לוין – צאצאי חנן לוין.wiki
עץ משפחת לוין – צאצאי פייטל לוין: 12 אנשים, גריד 27×7 → output/trees/עץ משפחת לוין – צאצאי פייטל לוין.wiki
עץ משפחת ליפסקר: 10 אנשים, גריד 23×7 → output/trees/עץ משפחת ליפסקר.wiki
עץ משפחת ליפסקר – צאצאי אריה זאב ליפסקר: 27 אנשים, גריד 63×7 → output/trees/עץ משפחת ליפסקר – צאצאי אריה זאב ליפסקר.wiki
עץ משפחת ליפסקר – צאצאי יעקב ליפסקר: 18 אנשים, גריד 55×5 → output/trees/עץ משפחת ליפסקר – צאצאי יעקב ליפסקר.wiki
עץ משפחת ליפסקר – צאצאי חיים צבי ליפסקר: 8 אנשים, גריד 19×5 → output/trees/עץ משפחת ליפסקר – צאצאי חיים צבי ליפסקר.wiki
עץ משפחת סגל: 24 אנשים, גריד 63×5 → output/trees/עץ משפחת סגל.wiki
עץ משפחת סגל – צאצאי בנימין זאב סגל: 9 אנשים, גריד 23×5 → output/trees/עץ משפחת סגל – צאצאי בנימין זאב סגל.wiki
עץ משפחת סגל – צאצאי משה צבי סגל: 8 אנשים, גריד 23×5 → output/trees/עץ משפחת סגל – צאצאי משה צבי סגל.wiki
עץ משפחת סגל – צאצאי מרדכי זלמן סגל: 11 אנשים, גריד 27×5 → output/trees/עץ משפחת סגל – צאצאי מרדכי זלמן סגל.wiki
עץ משפחת סגל – צאצאי אברהם אלעזר סגל: 7 אנשים, גריד 19×5 → output/trees/עץ משפחת סגל – צאצאי אברהם אלעזר סגל.wiki
עץ משפחת אדמו"ר הצמח צדק: 27 אנשים, גריד 59×11 → output/trees/עץ משפחת אדמו_ר הצמח צדק.wiki
עץ משפחת אדמו"ר הצמח צדק – צאצאי יהודה לייב שניאורסון: 13 אנשים, גריד 31×7 → output/trees/עץ משפחת אדמו_ר הצמח צדק – צאצאי יהודה לייב שניאורסון.wiki
עץ משפחת קרסיק: 20 אנשים, גריד 39×9 → output/trees/עץ משפחת קרסיק.wiki
עץ משפחת גופין: 15 אנשים, גריד 35×7 → output/trees/עץ משפחת גופין.wiki
עץ משפחת גופין – צאצאי זלמן גופין: 11 אנשים, גריד 35×5 → output/trees/עץ משפחת גופין – צאצאי זלמן גופין.wiki
עץ משפחת הלפרין: 14 אנשים, גריד 31×5 → output/trees/עץ משפחת הלפרין.wiki
עץ משפחת הלפרין – צאצאי צבי הירש הלפרין: 15 אנשים, גריד 31×9 → output/trees/עץ משפחת הלפרין – צאצאי צבי הירש הלפרין.wiki
עץ משפחת הלפרין – צאצאי חנניה יוסף הלפרין: 17 אנשים, גריד 39×7 → output/trees/עץ משפחת הלפרין – צאצאי חנניה יוסף הלפרין.wiki
עץ משפחת פבזנר: 23 אנשים, גריד 59×13 → output/trees/עץ משפחת פבזנר.wiki
עץ משפחת פבזנר – צאצאי אברהם ברוך פבזנר: 9 אנשים, גריד 19×7 → output/trees/עץ משפחת פבזנר – צאצאי אברהם ברוך פבזנר.wiki
עץ משפחת סלונים: 26 אנשים, גריד 55×9 → output/trees/עץ משפחת סלונים.wiki
עץ משפחת אדמו"ר הזקן: 18 אנשים, גריד 43×9 → output/trees/עץ משפחת אדמו_ר הזקן.wiki
עץ משפחת תומרקין: 13 אנשים, גריד 19×9 → output/trees/עץ משפחת תומרקין.wiki
עץ משפחת אדמו"ר שליט"א: 20 אנשים, גריד 43×9 → output/trees/עץ משפחת אדמו_ר שליט_א.wiki
עץ משפחת חן: 25 אנשים, גריד 55×15 → output/trees/עץ משפחת חן.wiki
עץ משפחת אדמו"ר האמצעי: 23 אנשים, גריד 63×11 → output/trees/עץ משפחת אדמו_ר האמצעי.wiki
עץ משפחת אדמו"ר האמצעי – צאצאי מנוחה רחל סלונים ובעלה יעקב כולי סלונים: 7 אנשים, גריד 15×5 → output/trees/עץ משפחת אדמו_ר האמצעי – צאצאי מנוחה רחל סלונים ובעלה יעקב כולי סלונים.wiki
עץ משפחת וילהלם: 20 אנשים, גריד 55×7 → output/trees/עץ משפחת וילהלם.wiki
עץ משפחת וילהלם – צאצאי משה אהרון וילהלם: 15 אנשים, גריד 43×5 → output/trees/עץ משפחת וילהלם – צאצאי משה אהרון וילהלם.wiki
עץ משפחת וילהלם – צאצאי מנחם בן ציון וילהלם: 10 אנשים, גריד 27×5 → output/trees/עץ משפחת וילהלם – צאצאי מנחם בן ציון וילהלם.wiki
עץ משפחת כהן (1): 16 אנשים, גריד 43×5 → output/trees/עץ משפחת כהן (1).wiki
עץ משפחת כהן (1) – צאצאי אשר לעמיל כהן: 12 אנשים, גריד 39×5 → output/trees/עץ משפחת כהן (1) – צאצאי אשר לעמיל כהן.wiki
עץ משפחת כהן (1) – צאצאי שלום בער כהן: 9 אנשים, גריד 27×5 → output/trees/עץ משפחת כהן (1) – צאצאי שלום בער כהן.wiki
עץ משפחת זלמנוב: 22 אנשים, גריד 55×9 → output/trees/עץ משפחת זלמנוב.wiki
עץ משפחת זלמנוב – צאצאי זאב וואלף זלמנוב: 11 אנשים, גריד 31×5 → output/trees/עץ משפחת זלמנוב – צאצאי זאב וואלף זלמנוב.wiki
עץ משפחת קעניג: 20 אנשים, גריד 47×7 → output/trees/עץ משפחת קעניג.wiki
עץ משפחת קעניג – צאצאי ירחמיאל משה קעניג: 7 אנשים, גריד 19×5 → output/trees/עץ משפחת קעניג – צאצאי ירחמיאל משה קעניג.wiki
עץ משפחת הבלין: 18 אנשים, גריד 55×7 → output/trees/עץ משפחת הבלין.wiki
עץ משפחת הבלין – צאצאי נחום הבלין: 12 אנשים, גריד 27×9 → output/trees/עץ משפחת הבלין – צאצאי נחום הבלין.wiki
עץ משפחת הכט: 16 אנשים, גריד 39×7 → output/trees/עץ משפחת הכט.wiki
עץ משפחת הכט – צאצאי משה יצחק הכט: 12 אנשים, גריד 35×7 → output/trees/עץ משפחת הכט – צאצאי משה יצחק הכט.wiki
עץ משפחת אשכנזי: 16 אנשים, גריד 39×7 → output/trees/עץ משפחת אשכנזי.wiki
עץ משפחת אשכנזי – צאצאי מרדכי שמואל אשכנזי: 10 אנשים, גריד 31×5 → output/trees/עץ משפחת אשכנזי – צאצאי מרדכי שמואל אשכנזי.wiki
עץ משפחת וולף: 18 אנשים, גריד 51×7 → output/trees/עץ משפחת וולף.wiki
עץ משפחת וולף – צאצאי שלום דובער וולף: 13 אנשים, גריד 39×5 → output/trees/עץ משפחת וולף – צאצאי שלום דובער וולף.wiki
עץ משפחת ברוק: 23 אנשים, גריד 55×11 → output/trees/עץ משפחת ברוק.wiki
עץ משפחת מנדלסון: 19 אנשים, גריד 43×11 → output/trees/עץ משפחת מנדלסון.wiki
עץ משפחת מנדלסון – צאצאי נחמן מנדלסון: 16 אנשים, גריד 43×7 → output/trees/עץ משפחת מנדלסון – צאצאי נחמן מנדלסון.wiki
עץ משפחת פוזנר: 14 אנשים, גריד 35×5 → output/trees/עץ משפחת פוזנר.wiki
עץ משפחת בלוי: 22 אנשים, גריד 43×11 → output/trees/עץ משפחת בלוי.wiki
עץ משפחת גינזבורג: 21 אנשים, גריד 47×7 → output/trees/עץ משפחת גינזבורג.wiki
עץ משפחת גינזבורג – צאצאי יצחק פייוויש גינזבורג: 7 אנשים, גריד 23×3 → output/trees/עץ משפחת גינזבורג – צאצאי יצחק פייוויש גינזבורג.wiki
עץ משפחת שפירא: 17 אנשים, גריד 39×9 → output/trees/עץ משפחת שפירא.wiki
עץ משפחת זילברשטרום: 14 אנשים, גריד 39×7 → output/trees/עץ משפחת זילברשטרום.wiki
עץ משפחת זילברשטרום – צאצאי אהרן מרדכי זילברשטרום: 17 אנשים, גריד 47×5 → output/trees/עץ משפחת זילברשטרום – צאצאי אהרן מרדכי זילברשטרום.wiki
עץ משפחת חזן: 14 אנשים, גריד 39×5 → output/trees/עץ משפחת חזן.wiki
עץ משפחת קפלן: 15 אנשים, גריד 43×9 → output/trees/עץ משפחת קפלן.wiki
עץ משפחת קפלן – צאצאי שרגא מלך קפלן: 14 אנשים, גריד 35×7 → output/trees/עץ משפחת קפלן – צאצאי שרגא מלך קפלן.wiki
עץ משפחת רוזנברג: 18 אנשים, גריד 55×7 → output/trees/עץ משפחת רוזנברג.wiki
עץ משפחת גרינוולד: 9 אנשים, גריד 27×3 → output/trees/עץ משפחת גרינוולד.wiki
עץ משפחת ברוד: 14 אנשים, גריד 39×5 → output/trees/עץ משפחת ברוד.wiki
עץ משפחת ברוד – צאצאי ישראל ברוך ברוד: 11 אנשים, גריד 31×5 → output/trees/עץ משפחת ברוד – צאצאי ישראל ברוך ברוד.wiki
עץ משפחת פאריז: 10 אנשים, גריד 23×7 → output/trees/עץ משפחת פאריז.wiki
עץ משפחת פאריז – צאצאי ברוך פריז: 15 אנשים, גריד 47×5 → output/trees/עץ משפחת פאריז – צאצאי ברוך פריז.wiki
עץ משפחת לנדא: 24 אנשים, גריד 59×7 → output/trees/עץ משפחת לנדא.wiki
עץ משפחת אקסלרוד: 12 אנשים, גריד 27×5 → output/trees/עץ משפחת אקסלרוד.wiki
עץ משפחת אקסלרוד – צאצאי גדליה אקסלרוד: 14 אנשים, גריד 43×5 → output/trees/עץ משפחת אקסלרוד – צאצאי גדליה אקסלרוד.wiki
עץ משפחת ריבקין: 13 אנשים, גריד 27×9 → output/trees/עץ משפחת ריבקין.wiki
עץ משפחת ריבקין – צאצאי יחיאל יוסף ריבקין: 17 אנשים, גריד 43×7 → output/trees/עץ משפחת ריבקין – צאצאי יחיאל יוסף ריבקין.wiki
עץ משפחת פוטרפס: 6 אנשים, גריד 11×5 → output/trees/עץ משפחת פוטרפס.wiki
עץ משפחת אלפרוביץ': 24 אנשים, גריד 47×9 → output/trees/עץ משפחת אלפרוביץ'.wiki
עץ משפחת שניאורסון: 12 אנשים, גריד 27×5 → output/trees/עץ משפחת שניאורסון.wiki
עץ משפחת בלינוב: 22 אנשים, גריד 59×7 → output/trees/עץ משפחת בלינוב.wiki
עץ משפחת כץ: 14 אנשים, גריד 31×5 → output/trees/עץ משפחת כץ.wiki
עץ משפחת לבנהרץ: 17 אנשים, גריד 47×7 → output/trees/עץ משפחת לבנהרץ.wiki
עץ משפחת קרניאל: 12 אנשים, גריד 31×5 → output/trees/עץ משפחת קרניאל.wiki
עץ משפחת מרוזוב: 22 אנשים, גריד 47×5 → output/trees/עץ משפחת מרוזוב.wiki
עץ משפחת שמטוב: 14 אנשים, גריד 31×7 → output/trees/עץ משפחת שמטוב.wiki
עץ משפחת בוטמן: 16 אנשים, גריד 43×7 → output/trees/עץ משפחת בוטמן.wiki
עץ משפחת בוטמן – צאצאי יוסף יצחק בוטמן: 9 אנשים, גריד 31×3 → output/trees/עץ משפחת בוטמן – צאצאי יוסף יצחק בוטמן.wiki
עץ משפחת אלטהויז: 23 אנשים, גריד 51×11 → output/trees/עץ משפחת אלטהויז.wiki
עץ משפחת פלדמן: 18 אנשים, גריד 43×7 → output/trees/עץ משפחת פלדמן.wiki
עץ משפחת חיטריק: 10 אנשים, גריד 27×7 → output/trees/עץ משפחת חיטריק.wiki
עץ משפחת הורביץ (2): 20 אנשים, גריד 51×7 → output/trees/עץ משפחת הורביץ (2).wiki
עץ משפחת גולדשמיד: 21 אנשים, גריד 43×7 → output/trees/עץ משפחת גולדשמיד.wiki
עץ משפחת גורביץ: 19 אנשים, גריד 55×5 → output/trees/עץ משפחת גורביץ.wiki
עץ משפחת אייזנבך: 19 אנשים, גריד 55×3 → output/trees/עץ משפחת אייזנבך.wiki
עץ משפחת ברוומן: 7 אנשים, גריד 19×5 → output/trees/עץ משפחת ברוומן.wiki
עץ משפחת פינסון: 12 אנשים, גריד 27×7 → output/trees/עץ משפחת פינסון.wiki
עץ משפחת אלטיין: 13 אנשים, גריד 39×5 → output/trees/עץ משפחת אלטיין.wiki
עץ משפחת קליין: 20 אנשים, גריד 55×7 → output/trees/עץ משפחת קליין.wiki
עץ משפחת גאנזבורג: 15 אנשים, גריד 43×7 → output/trees/עץ משפחת גאנזבורג.wiki
עץ משפחת מיידנצ'יק: 21 אנשים, גריד 59×7 → output/trees/עץ משפחת מיידנצ'יק.wiki
עץ משפחת מזרחי: 15 אנשים, גריד 47×5 → output/trees/עץ משפחת מזרחי.wiki
עץ משפחת סימפסון: 15 אנשים, גריד 35×9 → output/trees/עץ משפחת סימפסון.wiki
עץ משפחת שמרלינג: 20 אנשים, גריד 35×11 → output/trees/עץ משפחת שמרלינג.wiki
עץ משפחת ליפש: 21 אנשים, גריד 55×7 → output/trees/עץ משפחת ליפש.wiki
עץ משפחת גרוזמן: 21 אנשים, גריד 55×5 → output/trees/עץ משפחת גרוזמן.wiki
עץ משפחת וילשאנסקי: 13 אנשים, גריד 35×5 → output/trees/עץ משפחת וילשאנסקי.wiki
עץ משפחת לבקובסקי: 15 אנשים, גריד 43×5 → output/trees/עץ משפחת לבקובסקי.wiki
עץ משפחת אדמו"ר המהר"ש: 10 אנשים, גריד 23×3 → output/trees/עץ משפחת אדמו_ר המהר_ש.wiki
עץ משפחת חריטונוב: 12 אנשים, גריד 27×7 → output/trees/עץ משפחת חריטונוב.wiki
עץ משפחת בקרמן: 9 אנשים, גריד 23×5 → output/trees/עץ משפחת בקרמן.wiki
עץ משפחת מישולובין: 21 אנשים, גריד 51×7 → output/trees/עץ משפחת מישולובין.wiki
עץ משפחת קזרנובסקי: 15 אנשים, גריד 39×5 → output/trees/עץ משפחת קזרנובסקי.wiki
עץ משפחת דריזין: 13 אנשים, גריד 35×5 → output/trees/עץ משפחת דריזין.wiki
עץ משפחת וישצקי: 13 אנשים, גריד 39×5 → output/trees/עץ משפחת וישצקי.wiki
עץ משפחת הרשקוביץ: 15 אנשים, גריד 43×7 → output/trees/עץ משפחת הרשקוביץ.wiki
עץ משפחת פריימן: 9 אנשים, גריד 27×5 → output/trees/עץ משפחת פריימן.wiki
עץ משפחת שמוטקין: 16 אנשים, גריד 43×11 → output/trees/עץ משפחת שמוטקין.wiki
עץ משפחת לבקיבקר: 18 אנשים, גריד 39×7 → output/trees/עץ משפחת לבקיבקר.wiki
עץ משפחת איטקין: 11 אנשים, גריד 27×7 → output/trees/עץ משפחת איטקין.wiki
עץ משפחת דייטש: 15 אנשים, גריד 39×5 → output/trees/עץ משפחת דייטש.wiki
עץ משפחת דייטש – צאצאי חיים שלום דייטש: 11 אנשים, גריד 31×5 → output/trees/עץ משפחת דייטש – צאצאי חיים שלום דייטש.wiki
עץ משפחת קרינסקי: 16 אנשים, גריד 39×7 → output/trees/עץ משפחת קרינסקי.wiki
עץ משפחת חייקין: 17 אנשים, גריד 47×5 → output/trees/עץ משפחת חייקין.wiki
עץ משפחת ברגמן: 13 אנשים, גריד 35×7 → output/trees/עץ משפחת ברגמן.wiki
עץ משפחת ירוסלבסקי: 18 אנשים, גריד 51×7 → output/trees/עץ משפחת ירוסלבסקי.wiki
עץ משפחת פינסקי: 15 אנשים, גריד 35×9 → output/trees/עץ משפחת פינסקי.wiki
עץ משפחת דונין: 13 אנשים, גריד 31×7 → output/trees/עץ משפחת דונין.wiki
עץ משפחת אדמו"ר הרש"ב: 3 אנשים, גריד 7×5 → output/trees/עץ משפחת אדמו_ר הרש_ב.wiki
עץ משפחת טברסקי: 13 אנשים, גריד 23×7 → output/trees/עץ משפחת טברסקי.wiki
עץ משפחת ברונשטיין: 15 אנשים, גריד 31×7 → output/trees/עץ משפחת ברונשטיין.wiki
עץ משפחת קלמנסון: 22 אנשים, גריד 55×7 → output/trees/עץ משפחת קלמנסון.wiki
עץ משפחת הנדל: 16 אנשים, גריד 51×7 → output/trees/עץ משפחת הנדל.wiki
עץ משפחת הנדל – צאצאי ישראל יוסף הנדל: 8 אנשים, גריד 27×3 → output/trees/עץ משפחת הנדל – צאצאי ישראל יוסף הנדל.wiki
עץ משפחת גורדון: 13 אנשים, גריד 31×7 → output/trees/עץ משפחת גורדון.wiki
עץ משפחת קארף: 16 אנשים, גריד 35×9 → output/trees/עץ משפחת קארף.wiki
עץ משפחת רייצס: 15 אנשים, גריד 35×7 → output/trees/עץ משפחת רייצס.wiki
עץ משפחת לפידות: 15 אנשים, גריד 39×7 → output/trees/עץ משפחת לפידות.wiki
עץ משפחת רייכמן: 16 אנשים, גריד 39×7 → output/trees/עץ משפחת רייכמן.wiki
עץ משפחת צייטלין: 18 אנשים, גריד 51×7 → output/trees/עץ משפחת צייטלין.wiki
עץ משפחת גולדברג: 17 אנשים, גריד 47×7 → output/trees/עץ משפחת גולדברג.wiki
עץ משפחת ינובסקי: 10 אנשים, גריד 23×5 → output/trees/עץ משפחת ינובסקי.wiki
עץ משפחת גורליק (2): 18 אנשים, גריד 47×9 → output/trees/עץ משפחת גורליק (2).wiki
עץ משפחת שוחט: 13 אנשים, גריד 27×5 → output/trees/עץ משפחת שוחט.wiki
עץ משפחת רובשקין: 14 אנשים, גריד 31×7 → output/trees/עץ משפחת רובשקין.wiki
עץ משפחת אזימוב: 19 אנשים, גריד 51×7 → output/trees/עץ משפחת אזימוב.wiki
עץ משפחת נחשון: 15 אנשים, גריד 43×5 → output/trees/עץ משפחת נחשון.wiki
עץ משפחת הלברשטאם: 10 אנשים, גריד 19×5 → output/trees/עץ משפחת הלברשטאם.wiki
עץ משפחת גליצנשטיין: 15 אנשים, גריד 35×7 → output/trees/עץ משפחת גליצנשטיין.wiki
עץ משפחת גוטניק: 12 אנשים, גריד 23×9 → output/trees/עץ משפחת גוטניק.wiki
עץ משפחת ויינפלד: 18 אנשים, גריד 47×9 → output/trees/עץ משפחת ויינפלד.wiki
עץ משפחת כהן (2): 13 אנשים, גריד 31×7 → output/trees/עץ משפחת כהן (2).wiki
עץ משפחת קרסיק (2): 13 אנשים, גריד 27×13 → output/trees/עץ משפחת קרסיק (2).wiki
עץ משפחת גרונר: 16 אנשים, גריד 47×7 → output/trees/עץ משפחת גרונר.wiki
עץ משפחת דיסקין: 10 אנשים, גריד 23×9 → output/trees/עץ משפחת דיסקין.wiki
עץ משפחת היצחקי: 4 אנשים, גריד 7×5 → output/trees/עץ משפחת היצחקי.wiki
עץ משפחת אבצן: 15 אנשים, גריד 43×5 → output/trees/עץ משפחת אבצן.wiki
עץ משפחת פרידמן (2): 8 אנשים, גריד 7×7 → output/trees/עץ משפחת פרידמן (2).wiki
עץ משפחת ריבלין: 9 אנשים, גריד 19×5 → output/trees/עץ משפחת ריבלין.wiki
עץ משפחת שגלוב: 5 אנשים, גריד 11×5 → output/trees/עץ משפחת שגלוב.wiki
עץ משפחת פיזם: 13 אנשים, גריד 39×5 → output/trees/עץ משפחת פיזם.wiki
עץ משפחת שחר: 14 אנשים, גריד 47×5 → output/trees/עץ משפחת שחר.wiki
עץ משפחת תעיזי: 9 אנשים, גריד 19×5 → output/trees/עץ משפחת תעיזי.wiki
עץ משפחת גרליצקי: 17 אנשים, גריד 51×7 → output/trees/עץ משפחת גרליצקי.wiki
עץ משפחת אדמו"ר הריי"צ: 4 אנשים, גריד 7×5 → output/trees/עץ משפחת אדמו_ר הריי_צ.wiki
עץ משפחת גרינברג (1): 13 אנשים, גריד 31×7 → output/trees/עץ משפחת גרינברג (1).wiki
עץ משפחת דערען: 10 אנשים, גריד 27×5 → output/trees/עץ משפחת דערען.wiki
עץ משפחת ששונקין: 11 אנשים, גריד 23×9 → output/trees/עץ משפחת ששונקין.wiki
עץ משפחת סלווין: 9 אנשים, גריד 23×3 → output/trees/עץ משפחת סלווין.wiki
עץ משפחת פופאק: 9 אנשים, גריד 19×5 → output/trees/עץ משפחת פופאק.wiki
עץ משפחת דוכמן: 9 אנשים, גריד 19×7 → output/trees/עץ משפחת דוכמן.wiki
עץ משפחת פרוס: 17 אנשים, גריד 39×9 → output/trees/עץ משפחת פרוס.wiki
עץ משפחת פאר: 2 אנשים, גריד 3×3 → output/trees/עץ משפחת פאר.wiki
עץ משפחת דוברוסקין: 7 אנשים, גריד 19×5 → output/trees/עץ משפחת דוברוסקין.wiki
עץ משפחת וייס: 10 אנשים, גריד 19×5 → output/trees/עץ משפחת וייס.wiki
עץ משפחת הבר: 19 אנשים, גריד 47×9 → output/trees/עץ משפחת הבר.wiki
עץ משפחת חביב: 8 אנשים, גריד 19×3 → output/trees/עץ משפחת חביב.wiki
עץ משפחת פרידמן: 10 אנשים, גריד 27×5 → output/trees/עץ משפחת פרידמן.wiki
עץ משפחת אבלסקי: 7 אנשים, גריד 15×7 → output/trees/עץ משפחת אבלסקי.wiki
עץ משפחת בוימגרטן: 12 אנשים, גריד 23×11 → output/trees/עץ משפחת בוימגרטן.wiki
עץ משפחת צירקוס: 6 אנשים, גריד 15×5 → output/trees/עץ משפחת צירקוס.wiki
עץ משפחת גליס: 12 אנשים, גריד 35×5 → output/trees/עץ משפחת גליס.wiki
עץ משפחת מיכאלשוילי: 5 אנשים, גריד 11×3 → output/trees/עץ משפחת מיכאלשוילי.wiki
עץ משפחת איידלמן: 13 אנשים, גריד 27×9 → output/trees/עץ משפחת איידלמן.wiki
עץ משפחת לסקר: 12 אנשים, גריד 39×5 → output/trees/עץ משפחת לסקר.wiki
עץ משפחת נוטיק: 13 אנשים, גריד 31×7 → output/trees/עץ משפחת נוטיק.wiki
עץ משפחת רבינוביץ: 9 אנשים, גריד 19×3 → output/trees/עץ משפחת רבינוביץ.wiki
עץ משפחת גרינברג (2): 7 אנשים, גריד 11×7 → output/trees/עץ משפחת גרינברג (2).wiki
עץ משפחת לויטין: 12 אנשים, גריד 27×5 → output/trees/עץ משפחת לויטין.wiki
עץ משפחת מטוסוב: 16 אנשים, גריד 43×5 → output/trees/עץ משפחת מטוסוב.wiki
עץ משפחת הילביץ: 6 אנשים, גריד 15×3 → output/trees/עץ משפחת הילביץ.wiki
עץ משפחת גולדשטיין: 15 אנשים, גריד 43×7 → output/trees/עץ משפחת גולדשטיין.wiki
עץ משפחת פלס: 12 אנשים, גריד 39×5 → output/trees/עץ משפחת פלס.wiki
עץ משפחת לרנר: 12 אנשים, גריד 31×7 → output/trees/עץ משפחת לרנר.wiki
עץ משפחת שיף: 7 אנשים, גריד 19×5 → output/trees/עץ משפחת שיף.wiki
עץ משפחת פרידמן (1): 10 אנשים, גריד 27×5 → output/trees/עץ משפחת פרידמן (1).wiki
עץ משפחת בייטש: 10 אנשים, גריד 27×5 → output/trees/עץ משפחת בייטש.wiki
עץ משפחת בליניצקי: 12 אנשים, גריד 31×9 → output/trees/עץ משפחת בליניצקי.wiki
עץ משפחת זאיאנץ: 10 אנשים, גריד 19×7 → output/trees/עץ משפחת זאיאנץ.wiki
עץ משפחת וולפא: 16 אנשים, גריד 51×5 → output/trees/עץ משפחת וולפא.wiki
עץ משפחת פרקש: 14 אנשים, גריד 39×5 → output/trees/עץ משפחת פרקש.wiki
עץ משפחת מנקין: 3 אנשים, גריד 7×3 → output/trees/עץ משפחת מנקין.wiki
עץ משפחת קנצלבויגן: 11 אנשים, גריד 31×5 → output/trees/עץ משפחת קנצלבויגן.wiki
עץ משפחת שטרן: 11 אנשים, גריד 35×3 → output/trees/עץ משפחת שטרן.wiki
עץ משפחת ימיני: 4 אנשים, גריד 7×3 → output/trees/עץ משפחת ימיני.wiki
עץ משפחת רייניץ: 14 אנשים, גריד 39×5 → output/trees/עץ משפחת רייניץ.wiki
עץ משפחת נאה: 11 אנשים, גריד 23×11 → output/trees/עץ משפחת נאה.wiki
עץ משפחת שוסטרמן: 7 אנשים, גריד 19×3 → output/trees/עץ משפחת שוסטרמן.wiki
עץ משפחת גודמן: 7 אנשים, גריד 19×5 → output/trees/עץ משפחת גודמן.wiki
עץ משפחת הבעל שם טוב: 7 אנשים, גריד 19×3 → output/trees/עץ משפחת הבעל שם טוב.wiki
עץ משפחת אופן: 13 אנשים, גריד 35×5 → output/trees/עץ משפחת אופן.wiki
עץ משפחת אליטוב: 9 אנשים, גריד 19×7 → output/trees/עץ משפחת אליטוב.wiki
עץ משפחת טייכטל: 13 אנשים, גריד 31×5 → output/trees/עץ משפחת טייכטל.wiki
עץ משפחת קוזלינר: 10 אנשים, גריד 23×5 → output/trees/עץ משפחת קוזלינר.wiki
עץ משפחת קסלמן: 14 אנשים, גריד 31×7 → output/trees/עץ משפחת קסלמן.wiki
עץ משפחת וילנקין: 13 אנשים, גריד 39×7 → output/trees/עץ משפחת וילנקין.wiki
עץ משפחת קייזן: 8 אנשים, גריד 23×5 → output/trees/עץ משפחת קייזן.wiki
עץ משפחת חסדן: 11 אנשים, גריד 23×7 → output/trees/עץ משפחת חסדן.wiki
עץ משפחת דייטש (1): 12 אנשים, גריד 27×9 → output/trees/עץ משפחת דייטש (1).wiki
עץ משפחת הרצל: 10 אנשים, גריד 31×5 → output/trees/עץ משפחת הרצל.wiki
עץ משפחת חדד: 14 אנשים, גריד 39×5 → output/trees/עץ משפחת חדד.wiki
עץ משפחת דוברבסקי: 11 אנשים, גריד 23×5 → output/trees/עץ משפחת דוברבסקי.wiki
עץ משפחת קופצ'יק: 7 אנשים, גריד 19×5 → output/trees/עץ משפחת קופצ'יק.wiki
עץ משפחת לישנר: 9 אנשים, גריד 19×5 → output/trees/עץ משפחת לישנר.wiki
עץ משפחת הורנשטיין: 10 אנשים, גריד 23×7 → output/trees/עץ משפחת הורנשטיין.wiki
עץ משפחת אהרונוב: 8 אנשים, גריד 19×7 → output/trees/עץ משפחת אהרונוב.wiki
עץ משפחת סטמבלר: 9 אנשים, גריד 23×5 → output/trees/עץ משפחת סטמבלר.wiki
עץ משפחת קיבמן: 6 אנשים, גריד 11×7 → output/trees/עץ משפחת קיבמן.wiki
עץ משפחת קריצ'בסקי: 10 אנשים, גריד 31×5 → output/trees/עץ משפחת קריצ'בסקי.wiki
עץ משפחת דרוק: 11 אנשים, גריד 27×5 → output/trees/עץ משפחת דרוק.wiki
עץ משפחת לזרוב: 7 אנשים, גריד 15×5 → output/trees/עץ משפחת לזרוב.wiki
עץ משפחת נפרסטק: 9 אנשים, גריד 19×7 → output/trees/עץ משפחת נפרסטק.wiki
עץ משפחת פנטלייב: 8 אנשים, גריד 15×7 → output/trees/עץ משפחת פנטלייב.wiki
עץ משפחת קוק: 8 אנשים, גריד 15×7 → output/trees/עץ משפחת קוק.wiki
עץ משפחת בן שחר: 6 אנשים, גריד 15×3 → output/trees/עץ משפחת בן שחר.wiki
עץ משפחת שייקביץ: 6 אנשים, גריד 11×7 → output/trees/עץ משפחת שייקביץ.wiki
עץ משפחת ליסון: 6 אנשים, גריד 15×5 → output/trees/עץ משפחת ליסון.wiki
עץ משפחת זלצמן: 17 אנשים, גריד 51×7 → output/trees/עץ משפחת זלצמן.wiki
עץ משפחת שיפרין: 7 אנשים, גריד 19×5 → output/trees/עץ משפחת שיפרין.wiki
עץ משפחת יוניק: 11 אנשים, גריד 31×5 → output/trees/עץ משפחת יוניק.wiki
עץ משפחת טייטלבוים: 5 אנשים, גריד 11×3 → output/trees/עץ משפחת טייטלבוים.wiki
עץ משפחת לאזאר: 17 אנשים, גריד 55×7 → output/trees/עץ משפחת לאזאר.wiki
עץ משפחת ליפקין: 4 אנשים, גריד 7×3 → output/trees/עץ משפחת ליפקין.wiki
עץ משפחת שפרינגר: 9 אנשים, גריד 23×5 → output/trees/עץ משפחת שפרינגר.wiki
עץ משפחת פייגין: 9 אנשים, גריד 15×5 → output/trees/עץ משפחת פייגין.wiki
עץ משפחת הרטמן: 10 אנשים, גריד 23×7 → output/trees/עץ משפחת הרטמן.wiki
עץ משפחת שור: 8 אנשים, גריד 19×7 → output/trees/עץ משפחת שור.wiki
עץ משפחת פייגלשטוק: 10 אנשים, גריד 27×5 → output/trees/עץ משפחת פייגלשטוק.wiki
עץ משפחת יורקוביץ': 6 אנשים, גריד 15×5 → output/trees/עץ משפחת יורקוביץ'.wiki
עץ משפחת יוזביץ': 10 אנשים, גריד 23×5 → output/trees/עץ משפחת יוזביץ'.wiki
עץ משפחת לידר: 6 אנשים, גריד 11×5 → output/trees/עץ משפחת לידר.wiki
עץ משפחת אבוחצירא: 7 אנשים, גריד 15×7 → output/trees/עץ משפחת אבוחצירא.wiki
עץ משפחת גרוסמן: 10 אנשים, גריד 23×7 → output/trees/עץ משפחת גרוסמן.wiki
עץ משפחת רובינסון: 6 אנשים, גריד 15×5 → output/trees/עץ משפחת רובינסון.wiki
עץ משפחת שטרנברג: 6 אנשים, גריד 19×3 → output/trees/עץ משפחת שטרנברג.wiki
עץ משפחת זוננפלד: 6 אנשים, גריד 11×5 → output/trees/עץ משפחת זוננפלד.wiki
עץ משפחת ספרנאי: 5 אנשים, גריד 11×5 → output/trees/עץ משפחת ספרנאי.wiki
עץ משפחת קוביטשעק: 6 אנשים, גריד 15×5 → output/trees/עץ משפחת קוביטשעק.wiki
עץ משפחת מעטוף: 2 אנשים, גריד 3×3 → output/trees/עץ משפחת מעטוף.wiki
עץ משפחת טייכמן: 9 אנשים, גריד 19×5 → output/trees/עץ משפחת טייכמן.wiki
עץ משפחת נימוטין: 5 אנשים, גריד 11×5 → output/trees/עץ משפחת נימוטין.wiki
עץ משפחת ביסטריצקי: 9 אנשים, גריד 19×7 → output/trees/עץ משפחת ביסטריצקי.wiki
עץ משפחת פליישמן: 7 אנשים, גריד 19×3 → output/trees/עץ משפחת פליישמן.wiki
עץ משפחת בלומינג: 10 אנשים, גריד 23×7 → output/trees/עץ משפחת בלומינג.wiki
עץ משפחת כצמן: 7 אנשים, גריד 15×7 → output/trees/עץ משפחת כצמן.wiki
עץ משפחת גלוכובסקי: 11 אנשים, גריד 31×5 → output/trees/עץ משפחת גלוכובסקי.wiki
עץ משפחת חנין: 4 אנשים, גריד 7×5 → output/trees/עץ משפחת חנין.wiki
עץ משפחת יפה: 5 אנשים, גריד 7×5 → output/trees/עץ משפחת יפה.wiki
עץ משפחת סוסובר: 4 אנשים, גריד 7×5 → output/trees/עץ משפחת סוסובר.wiki
עץ משפחת ליפשיץ: 4 אנשים, גריד 11×3 → output/trees/עץ משפחת ליפשיץ.wiki
עץ משפחת מוצ'קין: 10 אנשים, גריד 23×5 → output/trees/עץ משפחת מוצ'קין.wiki
עץ משפחת סודקביץ: 6 אנשים, גריד 15×5 → output/trees/עץ משפחת סודקביץ.wiki
עץ משפחת איידלקופ: 8 אנשים, גריד 19×7 → output/trees/עץ משפחת איידלקופ.wiki
עץ משפחת ריבקין (2): 7 אנשים, גריד 15×7 → output/trees/עץ משפחת ריבקין (2).wiki
עץ משפחת וילנסקי: 4 אנשים, גריד 11×3 → output/trees/עץ משפחת וילנסקי.wiki
עץ משפחת לודמיר: 9 אנשים, גריד 19×9 → output/trees/עץ משפחת לודמיר.wiki
עץ משפחת הורביץ (1): 7 אנשים, גריד 19×5 → output/trees/עץ משפחת הורביץ (1).wiki
עץ משפחת אדרעי: 7 אנשים, גריד 15×3 → output/trees/עץ משפחת אדרעי.wiki
עץ משפחת חנזין: 4 אנשים, גריד 7×5 → output/trees/עץ משפחת חנזין.wiki
עץ משפחת ליין: 13 אנשים, גריד 27×11 → output/trees/עץ משפחת ליין.wiki
עץ משפחת גלבשטיין: 13 אנשים, גריד 27×5 → output/trees/עץ משפחת גלבשטיין.wiki
עץ משפחת כהנא: 11 אנשים, גריד 23×7 → output/trees/עץ משפחת כהנא.wiki
עץ משפחת הגר: 3 אנשים, גריד 7×3 → output/trees/עץ משפחת הגר.wiki
עץ משפחת פיקרסקי: 8 אנשים, גריד 19×5 → output/trees/עץ משפחת פיקרסקי.wiki
עץ משפחת חסקינד: 6 אנשים, גריד 7×9 → output/trees/עץ משפחת חסקינד.wiki
עץ משפחת ליברמן (1): 7 אנשים, גריד 19×5 → output/trees/עץ משפחת ליברמן (1).wiki
עץ משפחת גורודצקי: 11 אנשים, גריד 27×5 → output/trees/עץ משפחת גורודצקי.wiki
עץ משפחת גורקוב: 11 אנשים, גריד 31×7 → output/trees/עץ משפחת גורקוב.wiki
עץ משפחת לרר: 10 אנשים, גריד 23×7 → output/trees/עץ משפחת לרר.wiki
עץ משפחת פרסמן: 9 אנשים, גריד 23×5 → output/trees/עץ משפחת פרסמן.wiki
עץ משפחת קמינצקי: 11 אנשים, גריד 31×7 → output/trees/עץ משפחת קמינצקי.wiki
עץ משפחת ויינר: 9 אנשים, גריד 27×5 → output/trees/עץ משפחת ויינר.wiki
עץ משפחת קנלסקי: 5 אנשים, גריד 11×3 → output/trees/עץ משפחת קנלסקי.wiki
עץ משפחת סירוטה: 9 אנשים, גריד 19×7 → output/trees/עץ משפחת סירוטה.wiki
עץ משפחת בלסופסקי: 6 אנשים, גריד 15×5 → output/trees/עץ משפחת בלסופסקי.wiki
עץ משפחת מרטון: 6 אנשים, גריד 19×3 → output/trees/עץ משפחת מרטון.wiki
עץ משפחת אהרון: 4 אנשים, גריד 7×3 → output/trees/עץ משפחת אהרון.wiki
עץ משפחת בעגון: 6 אנשים, גריד 15×3 → output/trees/עץ משפחת בעגון.wiki
עץ משפחת ניימרק: 11 אנשים, גריד 23×9 → output/trees/עץ משפחת ניימרק.wiki
עץ משפחת חזנוב: 10 אנשים, גריד 27×5 → output/trees/עץ משפחת חזנוב.wiki
עץ משפחת בורושנסקי: 6 אנשים, גריד 15×3 → output/trees/עץ משפחת בורושנסקי.wiki
עץ משפחת גורליק (1): 5 אנשים, גריד 11×5 → output/trees/עץ משפחת גורליק (1).wiki
עץ משפחת בלומנפלד: 6 אנשים, גריד 15×3 → output/trees/עץ משפחת בלומנפלד.wiki
עץ משפחת שנור: 7 אנשים, גריד 19×3 → output/trees/עץ משפחת שנור.wiki
עץ משפחת זקלס: 7 אנשים, גריד 19×5 → output/trees/עץ משפחת זקלס.wiki
עץ משפחת סקובלו: 2 אנשים, גריד 3×3 → output/trees/עץ משפחת סקובלו.wiki
עץ משפחת קסטל: 10 אנשים, גריד 27×7 → output/trees/עץ משפחת קסטל.wiki
עץ משפחת ליברמן (2): 6 אנשים, גריד 15×5 → output/trees/עץ משפחת ליברמן (2).wiki
עץ משפחת לרמן: 8 אנשים, גריד 15×7 → output/trees/עץ משפחת לרמן.wiki
עץ משפחת ניו: 6 אנשים, גריד 15×3 → output/trees/עץ משפחת ניו.wiki
עץ משפחת ניסלביץ': 7 אנשים, גריד 15×5 → output/trees/עץ משפחת ניסלביץ'.wiki
עץ משפחת פרידמן (3): 6 אנשים, גריד 15×5 → output/trees/עץ משפחת פרידמן (3).wiki
עץ משפחת קורנט: 12 אנשים, גריד 35×5 → output/trees/עץ משפחת קורנט.wiki
עץ משפחת קרמר: 8 אנשים, גריד 23×5 → output/trees/עץ משפחת קרמר.wiki
עץ משפחת שיינר: 6 אנשים, גריד 15×5 → output/trees/עץ משפחת שיינר.wiki
עץ משפחת גרינבלאט: 6 אנשים, גריד 19×3 → output/trees/עץ משפחת גרינבלאט.wiki
עץ משפחת אלבסקי: 5 אנשים, גריד 11×5 → output/trees/עץ משפחת אלבסקי.wiki
עץ משפחת ויגלר: 7 אנשים, גריד 19×3 → output/trees/עץ משפחת ויגלר.wiki
עץ משפחת קרוגליאק: 4 אנשים, גריד 7×5 → output/trees/עץ משפחת קרוגליאק.wiki
עץ משפחת לאופר: 9 אנשים, גריד 23×5 → output/trees/עץ משפחת לאופר.wiki
עץ משפחת שאולזון: 3 אנשים, גריד 3×5 → output/trees/עץ משפחת שאולזון.wiki
עץ משפחת קרביצקי: 5 אנשים, גריד 11×5 → output/trees/עץ משפחת קרביצקי.wiki
עץ משפחת דובוב: 8 אנשים, גריד 15×7 → output/trees/עץ משפחת דובוב.wiki
עץ משפחת הניג: 8 אנשים, גריד 23×5 → output/trees/עץ משפחת הניג.wiki
עץ משפחת וובר: 8 אנשים, גריד 19×5 → output/trees/עץ משפחת וובר.wiki
עץ משפחת קפלון: 10 אנשים, גריד 23×5 → output/trees/עץ משפחת קפלון.wiki
עץ משפחת מינקוביץ': 10 אנשים, גריד 23×7 → output/trees/עץ משפחת מינקוביץ'.wiki
עץ משפחת קונין: 6 אנשים, גריד 11×7 → output/trees/עץ משפחת קונין.wiki
עץ משפחת רייטשיק: 10 אנשים, גריד 23×3 → output/trees/עץ משפחת רייטשיק.wiki
עץ משפחת שוויי: 5 אנשים, גריד 11×5 → output/trees/עץ משפחת שוויי.wiki
עץ משפחת מלוב: 5 אנשים, גריד 7×5 → output/trees/עץ משפחת מלוב.wiki
עץ משפחת מרגליות: 8 אנשים, גריד 23×5 → output/trees/עץ משפחת מרגליות.wiki
עץ משפחת רוזנבלט: 11 אנשים, גריד 27×5 → output/trees/עץ משפחת רוזנבלט.wiki
עץ משפחת שמולביץ: 9 אנשים, גריד 23×5 → output/trees/עץ משפחת שמולביץ.wiki
עץ משפחת אסטולין: 5 אנשים, גריד 15×3 → output/trees/עץ משפחת אסטולין.wiki
עץ משפחת גולדברג (2): 7 אנשים, גריד 15×7 → output/trees/עץ משפחת גולדברג (2).wiki
עץ משפחת טאלר: 8 אנשים, גריד 27×3 → output/trees/עץ משפחת טאלר.wiki
עץ משפחת קוראטין: 4 אנשים, גריד 11×3 → output/trees/עץ משפחת קוראטין.wiki
עץ משפחת מינסקי: 7 אנשים, גריד 19×5 → output/trees/עץ משפחת מינסקי.wiki
עץ משפחת גרייבר: 8 אנשים, גריד 15×7 → output/trees/עץ משפחת גרייבר.wiki
עץ משפחת פרסיץ: 3 אנשים, גריד 7×3 → output/trees/עץ משפחת פרסיץ.wiki
עץ משפחת דבורקין: 5 אנשים, גריד 11×5 → output/trees/עץ משפחת דבורקין.wiki
עץ משפחת אוירכמן: 4 אנשים, גריד 11×3 → output/trees/עץ משפחת אוירכמן.wiki
עץ משפחת מרנץ: 4 אנשים, גריד 7×5 → output/trees/עץ משפחת מרנץ.wiki
עץ משפחת רובין: 6 אנשים, גריד 11×5 → output/trees/עץ משפחת רובין.wiki
עץ משפחת הרסון: 2 אנשים, גריד 3×3 → output/trees/עץ משפחת הרסון.wiki
עץ משפחת ישעיהו: 3 אנשים, גריד 3×5 → output/trees/עץ משפחת ישעיהו.wiki
עץ משפחת לבנוני: 3 אנשים, גריד 7×3 → output/trees/עץ משפחת לבנוני.wiki
עץ משפחת אהרונסון: 6 אנשים, גריד 11×5 → output/trees/עץ משפחת אהרונסון.wiki
עץ משפחת הלר: 4 אנשים, גריד 11×3 → output/trees/עץ משפחת הלר.wiki
עץ משפחת דון יחיא: 5 אנשים, גריד 7×5 → output/trees/עץ משפחת דון יחיא.wiki
עץ משפחת לויוב: 5 אנשים, גריד 7×5 → output/trees/עץ משפחת לויוב.wiki
עץ משפחת מושקוביץ: 5 אנשים, גריד 15×3 → output/trees/עץ משפחת מושקוביץ.wiki
עץ משפחת מינצברג: 7 אנשים, גריד 15×5 → output/trees/עץ משפחת מינצברג.wiki
עץ משפחת פרידמן (4): 5 אנשים, גריד 15×3 → output/trees/עץ משפחת פרידמן (4).wiki
עץ משפחת פרמן: 7 אנשים, גריד 15×7 → output/trees/עץ משפחת פרמן.wiki
עץ משפחת מצגר: 5 אנשים, גריד 15×3 → output/trees/עץ משפחת מצגר.wiki
עץ משפחת קירשנזפט: 7 אנשים, גריד 23×3 → output/trees/עץ משפחת קירשנזפט.wiki
עץ משפחת רוט: 6 אנשים, גריד 15×5 → output/trees/עץ משפחת רוט.wiki
עץ משפחת ריבקין (3): 4 אנשים, גריד 3×7 → output/trees/עץ משפחת ריבקין (3).wiki
עץ משפחת שטרסברג: 5 אנשים, גריד 15×3 → output/trees/עץ משפחת שטרסברג.wiki
עץ משפחת שיינעס: 2 אנשים, גריד 3×3 → output/trees/עץ משפחת שיינעס.wiki
עץ משפחת סולובייצ'יק: 6 אנשים, גריד 11×7 → output/trees/עץ משפחת סולובייצ'יק.wiki
עץ משפחת עבער: 6 אנשים, גריד 15×5 → output/trees/עץ משפחת עבער.wiki
עץ משפחת קורץ: 7 אנשים, גריד 19×5 → output/trees/עץ משפחת קורץ.wiki
עץ משפחת ברכהן: 5 אנשים, גריד 11×5 → output/trees/עץ משפחת ברכהן.wiki
עץ משפחת שפלטר: 4 אנשים, גריד 11×3 → output/trees/עץ משפחת שפלטר.wiki
עץ משפחת פלוטקין: 8 אנשים, גריד 19×5 → output/trees/עץ משפחת פלוטקין.wiki
עץ משפחת רודרמן: 6 אנשים, גריד 11×5 → output/trees/עץ משפחת רודרמן.wiki
עץ משפחת זליגסון: 5 אנשים, גריד 11×5 → output/trees/עץ משפחת זליגסון.wiki
עץ משפחת הרץ: 6 אנשים, גריד 11×7 → output/trees/עץ משפחת הרץ.wiki
עץ משפחת זרחי: 4 אנשים, גריד 7×3 → output/trees/עץ משפחת זרחי.wiki
עץ משפחת לברטוב: 11 אנשים, גריד 27×5 → output/trees/עץ משפחת לברטוב.wiki
עץ משפחת סופרין: 6 אנשים, גריד 11×3 → output/trees/עץ משפחת סופרין.wiki
עץ משפחת ליברמן (4): 4 אנשים, גריד 11×3 → output/trees/עץ משפחת ליברמן (4).wiki
עץ משפחת ג'יקובסון: 7 אנשים, גריד 15×5 → output/trees/עץ משפחת ג'יקובסון.wiki
עץ משפחת הלל: 3 אנשים, גריד 3×5 → output/trees/עץ משפחת הלל.wiki
עץ משפחת יעקובוביץ: 7 אנשים, גריד 15×5 → output/trees/עץ משפחת יעקובוביץ.wiki
עץ משפחת דובקין: 4 אנשים, גריד 3×7 → output/trees/עץ משפחת דובקין.wiki
עץ משפחת גרשוביץ: 10 אנשים, גריד 27×5 → output/trees/עץ משפחת גרשוביץ.wiki
עץ משפחת דמיכובסקי: 6 אנשים, גריד 15×5 → output/trees/עץ משפחת דמיכובסקי.wiki
עץ משפחת בזפלוב: 6 אנשים, גריד 15×5 → output/trees/עץ משפחת בזפלוב.wiki
עץ משפחת בליז'ינסקי: 5 אנשים, גריד 7×7 → output/trees/עץ משפחת בליז'ינסקי.wiki
עץ משפחת גייסינסקי: 4 אנשים, גריד 11×3 → output/trees/עץ משפחת גייסינסקי.wiki
עץ משפחת וולוסוב: 9 אנשים, גריד 23×5 → output/trees/עץ משפחת וולוסוב.wiki
עץ משפחת קוטלרסקי: 7 אנשים, גריד 19×5 → output/trees/עץ משפחת קוטלרסקי.wiki
עץ משפחת סטאק: 7 אנשים, גריד 15×7 → output/trees/עץ משפחת סטאק.wiki
עץ משפחת זקס: 4 אנשים, גריד 7×5 → output/trees/עץ משפחת זקס.wiki
עץ משפחת חיימסון: 6 אנשים, גריד 7×9 → output/trees/עץ משפחת חיימסון.wiki
עץ משפחת קובלנוב: 4 אנשים, גריד 7×5 → output/trees/עץ משפחת קובלנוב.wiki
עץ משפחת ערנטרוי: 8 אנשים, גריד 15×5 → output/trees/עץ משפחת ערנטרוי.wiki
עץ משפחת כהנוב: 8 אנשים, גריד 19×7 → output/trees/עץ משפחת כהנוב.wiki
עץ משפחת אורנשטיין: 6 אנשים, גריד 15×3 → output/trees/עץ משפחת אורנשטיין.wiki
עץ משפחת זקליקובסקי: 5 אנשים, גריד 11×3 → output/trees/עץ משפחת זקליקובסקי.wiki
עץ משפחת חפר: 9 אנשים, גריד 23×5 → output/trees/עץ משפחת חפר.wiki
עץ משפחת דוליצקי: 7 אנשים, גריד 7×9 → output/trees/עץ משפחת דוליצקי.wiki
עץ משפחת הולצמן: 5 אנשים, גריד 11×5 → output/trees/עץ משפחת הולצמן.wiki
עץ משפחת וואגעל: 7 אנשים, גריד 11×7 → output/trees/עץ משפחת וואגעל.wiki
עץ משפחת שילדקרויט: 7 אנשים, גריד 19×5 → output/trees/עץ משפחת שילדקרויט.wiki
עץ משפחת רוזנפלד: 13 אנשים, גריד 31×7 → output/trees/עץ משפחת רוזנפלד.wiki
עץ משפחת מרזל: 5 אנשים, גריד 15×3 → output/trees/עץ משפחת מרזל.wiki
עץ משפחת דרוקמן: 5 אנשים, גריד 15×3 → output/trees/עץ משפחת דרוקמן.wiki
עץ משפחת מינץ: 4 אנשים, גריד 7×5 → output/trees/עץ משפחת מינץ.wiki
עץ משפחת בס: 2 אנשים, גריד 3×3 → output/trees/עץ משפחת בס.wiki
עץ משפחת גרומך: 5 אנשים, גריד 15×3 → output/trees/עץ משפחת גרומך.wiki
עץ משפחת מיודובניק: 4 אנשים, גריד 7×5 → output/trees/עץ משפחת מיודובניק.wiki
עץ משפחת עמאר: 6 אנשים, גריד 11×5 → output/trees/עץ משפחת עמאר.wiki
עץ משפחת ששון: 4 אנשים, גריד 11×3 → output/trees/עץ משפחת ששון.wiki
עץ משפחת שאער: 4 אנשים, גריד 11×3 → output/trees/עץ משפחת שאער.wiki
עץ משפחת קרץ: 5 אנשים, גריד 15×3 → output/trees/עץ משפחת קרץ.wiki
עץ משפחת הולצברג: 9 אנשים, גריד 27×3 → output/trees/עץ משפחת הולצברג.wiki
עץ משפחת ליס: 4 אנשים, גריד 7×5 → output/trees/עץ משפחת ליס.wiki
עץ משפחת אייכהורן: 5 אנשים, גריד 11×5 → output/trees/עץ משפחת אייכהורן.wiki
עץ משפחת לוינסון: 7 אנשים, גריד 23×3 → output/trees/עץ משפחת לוינסון.wiki
עץ משפחת הרשקופ: 9 אנשים, גריד 27×3 → output/trees/עץ משפחת הרשקופ.wiki
עץ משפחת טל: 7 אנשים, גריד 19×3 → output/trees/עץ משפחת טל.wiki
עץ משפחת ליברמן (3): 5 אנשים, גריד 15×3 → output/trees/עץ משפחת ליברמן (3).wiki
עץ משפחת מחפוץ: 6 אנשים, גריד 19×3 → output/trees/עץ משפחת מחפוץ.wiki
עץ משפחת סילברברג: 4 אנשים, גריד 11×3 → output/trees/עץ משפחת סילברברג.wiki
עץ משפחת קוט: 10 אנשים, גריד 31×5 → output/trees/עץ משפחת קוט.wiki
עץ משפחת משי זהב: 7 אנשים, גריד 19×5 → output/trees/עץ משפחת משי זהב.wiki
עץ משפחת רפפורט: 2 אנשים, גריד 3×3 → output/trees/עץ משפחת רפפורט.wiki
עץ משפחת קופרמן: 4 אנשים, גריד 7×3 → output/trees/עץ משפחת קופרמן.wiki
עץ משפחת מונדשיין: 4 אנשים, גריד 11×3 → output/trees/עץ משפחת מונדשיין.wiki
עץ משפחת קלצקין: 4 אנשים, גריד 11×3 → output/trees/עץ משפחת קלצקין.wiki
עץ משפחת סרברנסקי: 3 אנשים, גריד 7×3 → output/trees/עץ משפחת סרברנסקי.wiki
עץ משפחת גולדמן (1): 5 אנשים, גריד 11×5 → output/trees/עץ משפחת גולדמן (1).wiki
עץ משפחת ויינברג: 4 אנשים, גריד 11×3 → output/trees/עץ משפחת ויינברג.wiki
עץ משפחת וילימובסקי: 4 אנשים, גריד 11×3 → output/trees/עץ משפחת וילימובסקי.wiki
עץ משפחת שמוקלר: 7 אנשים, גריד 19×3 → output/trees/עץ משפחת שמוקלר.wiki
עץ משפחת אלפנביין: 5 אנשים, גריד 11×5 → output/trees/עץ משפחת אלפנביין.wiki
עץ משפחת בוקיעט: 2 אנשים, גריד 3×3 → output/trees/עץ משפחת בוקיעט.wiki
עץ משפחת גלפרין: 5 אנשים, גריד 7×7 → output/trees/עץ משפחת גלפרין.wiki
עץ משפחת גלויברמן: 3 אנשים, גריד 7×3 → output/trees/עץ משפחת גלויברמן.wiki
עץ משפחת אולידורט: 4 אנשים, גריד 7×5 → output/trees/עץ משפחת אולידורט.wiki
עץ משפחת דובינסקי: 4 אנשים, גריד 11×3 → output/trees/עץ משפחת דובינסקי.wiki
עץ משפחת חפץ: 3 אנשים, גריד 3×5 → output/trees/עץ משפחת חפץ.wiki
עץ משפחת לייכטר: 6 אנשים, גריד 19×3 → output/trees/עץ משפחת לייכטר.wiki
עץ משפחת גולדמן (2): 4 אנשים, גריד 7×5 → output/trees/עץ משפחת גולדמן (2).wiki
עץ משפחת רודל: 4 אנשים, גריד 7×5 → output/trees/עץ משפחת רודל.wiki
עץ משפחת וייסמן: 4 אנשים, גריד 11×3 → output/trees/עץ משפחת וייסמן.wiki
עץ משפחת מרקוביץ: 6 אנשים, גריד 15×5 → output/trees/עץ משפחת מרקוביץ.wiki
עץ משפחת קריספין: 3 אנשים, גריד 7×3 → output/trees/עץ משפחת קריספין.wiki
עץ משפחת אזדבא: 5 אנשים, גריד 11×5 → output/trees/עץ משפחת אזדבא.wiki
עץ משפחת גלינסקי: 3 אנשים, גריד 3×5 → output/trees/עץ משפחת גלינסקי.wiki
עץ משפחת שפריצר: 5 אנשים, גריד 7×5 → output/trees/עץ משפחת שפריצר.wiki
עץ משפחת לו: 3 אנשים, גריד 7×3 → output/trees/עץ משפחת לו.wiki
עץ משפחת גוטליב: 6 אנשים, גריד 15×5 → output/trees/עץ משפחת גוטליב.wiki
עץ משפחת אופנר: 7 אנשים, גריד 19×5 → output/trees/עץ משפחת אופנר.wiki
עץ משפחת אמנו: 11 אנשים, גריד 23×9 → output/trees/עץ משפחת אמנו.wiki
עץ משפחת כץ: 3 אנשים, גריד 7×3 → output/trees/עץ משפחת כץ.wiki
עץ משפחת קפלין: 3 אנשים, גריד 3×5 → output/trees/עץ משפחת קפלין.wiki
עץ משפחת רב: 5 אנשים, גריד 7×5 → output/trees/עץ משפחת רב.wiki
עץ משפחת דהן: 2 אנשים, גריד 3×3 → output/trees/עץ משפחת דהן.wiki
עץ משפחת אליעזרוב: 4 אנשים, גריד 7×5 → output/trees/עץ משפחת אליעזרוב.wiki
דף בדיקה: output/review.html
